<?xml version="1.0" encoding="utf-8" ?> 
- <market xmlns:xsi="http://www.w3.org/2001/XMLSchema-instance" xmlns:xsd="http://www.w3.org/2001/XMLSchema" id="Orion.Market.Live.RateVolatilityMatrix.AUD-LIBOR-BBA-CapFloor" xmlns="http://www.fpml.org/2009/FpML-4-7">
- <volatilityRepresentation id="RateVolatilityMatrix.AUD-LIBOR-BBA-CapFloor">
  <name>AUD.CapFloor</name> 
  <currency>AUD</currency> 
  <asset href="CapFloor" /> 
  </volatilityRepresentation>
- <volatilityMatrixValuation definitionRef="3M">
  <objectReference href="CapFloor" /> 
  <baseDate>2010-09-07</baseDate> 
  <buildDateTime>2010-09-07T14:18:22</buildDateTime> 
- <dataPoints>
  <quoteUnits>DecimalRate</quoteUnits> 
  <currency>AUD</currency> 
- <point>
- <coordinate>
- <expiration>
  <date>2010-09-07</date> 
  </expiration>
  </coordinate>
  <value>0.258917113332362</value> 
  </point>
- <point>
- <coordinate>
- <expiration>
  <date>2010-12-07</date> 
  </expiration>
  </coordinate>
  <value>0.258917113332362</value> 
  </point>
- <point>
- <coordinate>
- <expiration>
  <date>2011-03-07</date> 
  </expiration>
  </coordinate>
  <value>0.258917113332362</value> 
  </point>
- <point>
- <coordinate>
- <expiration>
  <date>2011-06-07</date> 
  </expiration>
  </coordinate>
  <value>0.258917113332362</value> 
  </point>
- <point>
- <coordinate>
- <expiration>
  <date>2011-09-07</date> 
  </expiration>
  </coordinate>
  <value>0.253606025847892</value> 
  </point>
- <point>
- <coordinate>
- <expiration>
  <date>2011-12-07</date> 
  </expiration>
  </coordinate>
  <value>0.250657582889503</value> 
  </point>
- <point>
- <coordinate>
- <expiration>
  <date>2012-03-07</date> 
  </expiration>
  </coordinate>
  <value>0.247857813993874</value> 
  </point>
- <point>
- <coordinate>
- <expiration>
  <date>2012-06-07</date> 
  </expiration>
  </coordinate>
  <value>0.245362314572259</value> 
  </point>
- <point>
- <coordinate>
- <expiration>
  <date>2012-09-07</date> 
  </expiration>
  </coordinate>
  <value>0.24396194632708</value> 
  </point>
- <point>
- <coordinate>
- <expiration>
  <date>2012-12-07</date> 
  </expiration>
  </coordinate>
  <value>0.242681369711064</value> 
  </point>
- <point>
- <coordinate>
- <expiration>
  <date>2013-03-07</date> 
  </expiration>
  </coordinate>
  <value>0.239680981323173</value> 
  </point>
- <point>
- <coordinate>
- <expiration>
  <date>2013-06-07</date> 
  </expiration>
  </coordinate>
  <value>0.233915867350968</value> 
  </point>
- <point>
- <coordinate>
- <expiration>
  <date>2013-09-09</date> 
  </expiration>
  </coordinate>
  <value>0.225180967697172</value> 
  </point>
- <point>
- <coordinate>
- <expiration>
  <date>2013-12-09</date> 
  </expiration>
  </coordinate>
  <value>0.21698945730618</value> 
  </point>
- <point>
- <coordinate>
- <expiration>
  <date>2014-03-07</date> 
  </expiration>
  </coordinate>
  <value>0.211047320868142</value> 
  </point>
- <point>
- <coordinate>
- <expiration>
  <date>2014-06-10</date> 
  </expiration>
  </coordinate>
  <value>0.208768656780787</value> 
  </point>
- <point>
- <coordinate>
- <expiration>
  <date>2014-09-08</date> 
  </expiration>
  </coordinate>
  <value>0.208730809964552</value> 
  </point>
- <point>
- <coordinate>
- <expiration>
  <date>2014-12-08</date> 
  </expiration>
  </coordinate>
  <value>0.207029962602162</value> 
  </point>
- <point>
- <coordinate>
- <expiration>
  <date>2015-03-09</date> 
  </expiration>
  </coordinate>
  <value>0.204130665748063</value> 
  </point>
- <point>
- <coordinate>
- <expiration>
  <date>2015-06-09</date> 
  </expiration>
  </coordinate>
  <value>0.199692875407936</value> 
  </point>
- <point>
- <coordinate>
- <expiration>
  <date>2015-09-07</date> 
  </expiration>
  </coordinate>
  <value>0.193752743474213</value> 
  </point>
- <point>
- <coordinate>
- <expiration>
  <date>2015-12-07</date> 
  </expiration>
  </coordinate>
  <value>0.188009297591465</value> 
  </point>
- <point>
- <coordinate>
- <expiration>
  <date>2016-03-07</date> 
  </expiration>
  </coordinate>
  <value>0.182933267922475</value> 
  </point>
- <point>
- <coordinate>
- <expiration>
  <date>2016-06-07</date> 
  </expiration>
  </coordinate>
  <value>0.178756416240464</value> 
  </point>
- <point>
- <coordinate>
- <expiration>
  <date>2016-09-07</date> 
  </expiration>
  </coordinate>
  <value>0.175389831055263</value> 
  </point>
- <point>
- <coordinate>
- <expiration>
  <date>2016-12-07</date> 
  </expiration>
  </coordinate>
  <value>0.1736753841047</value> 
  </point>
- <point>
- <coordinate>
- <expiration>
  <date>2017-03-07</date> 
  </expiration>
  </coordinate>
  <value>0.173469043393157</value> 
  </point>
- <point>
- <coordinate>
- <expiration>
  <date>2017-06-07</date> 
  </expiration>
  </coordinate>
  <value>0.175052848911834</value> 
  </point>
- <point>
- <coordinate>
- <expiration>
  <date>2017-09-07</date> 
  </expiration>
  </coordinate>
  <value>0.17638091320432</value> 
  </point>
- <point>
- <coordinate>
- <expiration>
  <date>2017-12-07</date> 
  </expiration>
  </coordinate>
  <value>0.177178024517271</value> 
  </point>
- <point>
- <coordinate>
- <expiration>
  <date>2018-03-07</date> 
  </expiration>
  </coordinate>
  <value>0.177932794687923</value> 
  </point>
- <point>
- <coordinate>
- <expiration>
  <date>2018-06-07</date> 
  </expiration>
  </coordinate>
  <value>0.17859628828216</value> 
  </point>
- <point>
- <coordinate>
- <expiration>
  <date>2018-09-07</date> 
  </expiration>
  </coordinate>
  <value>0.17879160950702</value> 
  </point>
- <point>
- <coordinate>
- <expiration>
  <date>2018-12-07</date> 
  </expiration>
  </coordinate>
  <value>0.179024163932461</value> 
  </point>
- <point>
- <coordinate>
- <expiration>
  <date>2019-03-07</date> 
  </expiration>
  </coordinate>
  <value>0.178930635076251</value> 
  </point>
- <point>
- <coordinate>
- <expiration>
  <date>2019-06-07</date> 
  </expiration>
  </coordinate>
  <value>0.178427454575685</value> 
  </point>
- <point>
- <coordinate>
- <expiration>
  <date>2019-09-09</date> 
  </expiration>
  </coordinate>
  <value>0.177462220176329</value> 
  </point>
- <point>
- <coordinate>
- <expiration>
  <date>2019-12-09</date> 
  </expiration>
  </coordinate>
  <value>0.175942390534375</value> 
  </point>
- <point>
- <coordinate>
- <expiration>
  <date>2020-03-09</date> 
  </expiration>
  </coordinate>
  <value>0.173780768553609</value> 
  </point>
- <point>
- <coordinate>
- <expiration>
  <date>2020-06-09</date> 
  </expiration>
  </coordinate>
  <value>0.170934456653393</value> 
  </point>
- <point>
- <coordinate>
- <expiration>
  <date>2020-09-07</date> 
  </expiration>
  </coordinate>
  <value>0.168311664511899</value> 
  </point>
- <point>
- <coordinate>
- <expiration>
  <date>2020-12-07</date> 
  </expiration>
  </coordinate>
  <value>0.166193895531733</value> 
  </point>
- <point>
- <coordinate>
- <expiration>
  <date>2021-03-08</date> 
  </expiration>
  </coordinate>
  <value>0.164178932238519</value> 
  </point>
- <point>
- <coordinate>
- <expiration>
  <date>2021-06-07</date> 
  </expiration>
  </coordinate>
  <value>0.162269954080914</value> 
  </point>
- <point>
- <coordinate>
- <expiration>
  <date>2021-09-07</date> 
  </expiration>
  </coordinate>
  <value>0.160503208381284</value> 
  </point>
- <point>
- <coordinate>
- <expiration>
  <date>2021-12-07</date> 
  </expiration>
  </coordinate>
  <value>0.158906658190162</value> 
  </point>
- <point>
- <coordinate>
- <expiration>
  <date>2022-03-07</date> 
  </expiration>
  </coordinate>
  <value>0.157460807985296</value> 
  </point>
- <point>
- <coordinate>
- <expiration>
  <date>2022-06-07</date> 
  </expiration>
  </coordinate>
  <value>0.156193897739533</value> 
  </point>
- <point>
- <coordinate>
- <expiration>
  <date>2022-09-07</date> 
  </expiration>
  </coordinate>
  <value>0.154493955337133</value> 
  </point>
- <point>
- <coordinate>
- <expiration>
  <date>2022-12-07</date> 
  </expiration>
  </coordinate>
  <value>0.153671168768697</value> 
  </point>
- <point>
- <coordinate>
- <expiration>
  <date>2023-03-07</date> 
  </expiration>
  </coordinate>
  <value>0.153077485123154</value> 
  </point>
- <point>
- <coordinate>
- <expiration>
  <date>2023-06-07</date> 
  </expiration>
  </coordinate>
  <value>0.152747541527948</value> 
  </point>
- <point>
- <coordinate>
- <expiration>
  <date>2023-09-07</date> 
  </expiration>
  </coordinate>
  <value>0.152705450371269</value> 
  </point>
- <point>
- <coordinate>
- <expiration>
  <date>2023-12-07</date> 
  </expiration>
  </coordinate>
  <value>0.1529616513809</value> 
  </point>
- <point>
- <coordinate>
- <expiration>
  <date>2024-03-07</date> 
  </expiration>
  </coordinate>
  <value>0.153539827550864</value> 
  </point>
- <point>
- <coordinate>
- <expiration>
  <date>2024-06-07</date> 
  </expiration>
  </coordinate>
  <value>0.1544792472953</value> 
  </point>
- <point>
- <coordinate>
- <expiration>
  <date>2024-09-09</date> 
  </expiration>
  </coordinate>
  <value>0.155797951891306</value> 
  </point>
- <point>
- <coordinate>
- <expiration>
  <date>2024-12-09</date> 
  </expiration>
  </coordinate>
  <value>0.157450951355181</value> 
  </point>
- <point>
- <coordinate>
- <expiration>
  <date>2025-03-07</date> 
  </expiration>
  </coordinate>
  <value>0.159535758171424</value> 
  </point>
- <point>
- <coordinate>
- <expiration>
  <date>2025-06-10</date> 
  </expiration>
  </coordinate>
  <value>0.162100509714344</value> 
  </point>
- <point>
- <coordinate>
- <expiration>
  <date>2025-09-08</date> 
  </expiration>
  </coordinate>
  <value>0.163844682734835</value> 
  </point>
- <point>
- <coordinate>
- <expiration>
  <date>2025-12-08</date> 
  </expiration>
  </coordinate>
  <value>0.167197032062001</value> 
  </point>
- <point>
- <coordinate>
- <expiration>
  <date>2026-03-09</date> 
  </expiration>
  </coordinate>
  <value>0.170524936712443</value> 
  </point>
- <point>
- <coordinate>
- <expiration>
  <date>2026-06-09</date> 
  </expiration>
  </coordinate>
  <value>0.173771409395992</value> 
  </point>
- <point>
- <coordinate>
- <expiration>
  <date>2026-09-07</date> 
  </expiration>
  </coordinate>
  <value>0.176914047993042</value> 
  </point>
- <point>
- <coordinate>
- <expiration>
  <date>2026-12-07</date> 
  </expiration>
  </coordinate>
  <value>0.179965471334</value> 
  </point>
- <point>
- <coordinate>
- <expiration>
  <date>2027-03-08</date> 
  </expiration>
  </coordinate>
  <value>0.18288435388934</value> 
  </point>
- <point>
- <coordinate>
- <expiration>
  <date>2027-06-07</date> 
  </expiration>
  </coordinate>
  <value>0.185661699293317</value> 
  </point>
- <point>
- <coordinate>
- <expiration>
  <date>2027-09-07</date> 
  </expiration>
  </coordinate>
  <value>0.188254030460216</value> 
  </point>
- <point>
- <coordinate>
- <expiration>
  <date>2027-12-07</date> 
  </expiration>
  </coordinate>
  <value>0.190624618449705</value> 
  </point>
- <point>
- <coordinate>
- <expiration>
  <date>2028-03-07</date> 
  </expiration>
  </coordinate>
  <value>0.192773256161753</value> 
  </point>
- <point>
- <coordinate>
- <expiration>
  <date>2028-06-07</date> 
  </expiration>
  </coordinate>
  <value>0.194666755889739</value> 
  </point>
- <point>
- <coordinate>
- <expiration>
  <date>2028-09-07</date> 
  </expiration>
  </coordinate>
  <value>0.196256259395276</value> 
  </point>
- <point>
- <coordinate>
- <expiration>
  <date>2028-12-07</date> 
  </expiration>
  </coordinate>
  <value>0.197513248631659</value> 
  </point>
- <point>
- <coordinate>
- <expiration>
  <date>2029-03-07</date> 
  </expiration>
  </coordinate>
  <value>0.198436047215291</value> 
  </point>
- <point>
- <coordinate>
- <expiration>
  <date>2029-06-07</date> 
  </expiration>
  </coordinate>
  <value>0.198986412806554</value> 
  </point>
- <point>
- <coordinate>
- <expiration>
  <date>2029-09-07</date> 
  </expiration>
  </coordinate>
  <value>0.199123719959376</value> 
  </point>
- <point>
- <coordinate>
- <expiration>
  <date>2029-12-07</date> 
  </expiration>
  </coordinate>
  <value>0.19882914344097</value> 
  </point>
- <point>
- <coordinate>
- <expiration>
  <date>2030-03-07</date> 
  </expiration>
  </coordinate>
  <value>0.198074792250601</value> 
  </point>
- <point>
- <coordinate>
- <expiration>
  <date>2030-06-07</date> 
  </expiration>
  </coordinate>
  <value>0.196795465643404</value> 
  </point>
- <point>
- <coordinate>
- <expiration>
  <date>2030-09-09</date> 
  </expiration>
  </coordinate>
  <value>0.197238648546916</value> 
  </point>
- <point>
- <coordinate>
- <expiration>
  <date>2030-12-09</date> 
  </expiration>
  </coordinate>
  <value>0.198999722663323</value> 
  </point>
- <point>
- <coordinate>
- <expiration>
  <date>2031-03-07</date> 
  </expiration>
  </coordinate>
  <value>0.200785505721051</value> 
  </point>
- <point>
- <coordinate>
- <expiration>
  <date>2031-06-10</date> 
  </expiration>
  </coordinate>
  <value>0.202547128217045</value> 
  </point>
- <point>
- <coordinate>
- <expiration>
  <date>2031-09-08</date> 
  </expiration>
  </coordinate>
  <value>0.204240828604028</value> 
  </point>
- <point>
- <coordinate>
- <expiration>
  <date>2031-12-08</date> 
  </expiration>
  </coordinate>
  <value>0.205900951499538</value> 
  </point>
- <point>
- <coordinate>
- <expiration>
  <date>2032-03-08</date> 
  </expiration>
  </coordinate>
  <value>0.207513143564333</value> 
  </point>
- <point>
- <coordinate>
- <expiration>
  <date>2032-06-07</date> 
  </expiration>
  </coordinate>
  <value>0.209080901684006</value> 
  </point>
- <point>
- <coordinate>
- <expiration>
  <date>2032-09-07</date> 
  </expiration>
  </coordinate>
  <value>0.210585084278363</value> 
  </point>
- <point>
- <coordinate>
- <expiration>
  <date>2032-12-07</date> 
  </expiration>
  </coordinate>
  <value>0.212006250653813</value> 
  </point>
- <point>
- <coordinate>
- <expiration>
  <date>2033-03-07</date> 
  </expiration>
  </coordinate>
  <value>0.213365921887108</value> 
  </point>
- <point>
- <coordinate>
- <expiration>
  <date>2033-06-07</date> 
  </expiration>
  </coordinate>
  <value>0.214656269738596</value> 
  </point>
- <point>
- <coordinate>
- <expiration>
  <date>2033-09-07</date> 
  </expiration>
  </coordinate>
  <value>0.215849796369967</value> 
  </point>
- <point>
- <coordinate>
- <expiration>
  <date>2033-12-07</date> 
  </expiration>
  </coordinate>
  <value>0.21693642033077</value> 
  </point>
- <point>
- <coordinate>
- <expiration>
  <date>2034-03-07</date> 
  </expiration>
  </coordinate>
  <value>0.217931896424674</value> 
  </point>
- <point>
- <coordinate>
- <expiration>
  <date>2034-06-07</date> 
  </expiration>
  </coordinate>
  <value>0.218824755946314</value> 
  </point>
- <point>
- <coordinate>
- <expiration>
  <date>2034-09-07</date> 
  </expiration>
  </coordinate>
  <value>0.219593271006106</value> 
  </point>
- <point>
- <coordinate>
- <expiration>
  <date>2034-12-07</date> 
  </expiration>
  </coordinate>
  <value>0.220229901524817</value> 
  </point>
- <point>
- <coordinate>
- <expiration>
  <date>2035-03-07</date> 
  </expiration>
  </coordinate>
  <value>0.220742601029082</value> 
  </point>
- <point>
- <coordinate>
- <expiration>
  <date>2035-06-07</date> 
  </expiration>
  </coordinate>
  <value>0.221116006453559</value> 
  </point>
- <point>
- <coordinate>
- <expiration>
  <date>2035-09-07</date> 
  </expiration>
  </coordinate>
  <value>0.222965392668606</value> 
  </point>
- <point>
- <coordinate>
- <expiration>
  <date>2035-12-07</date> 
  </expiration>
  </coordinate>
  <value>0.224395949422802</value> 
  </point>
- <point>
- <coordinate>
- <expiration>
  <date>2036-03-07</date> 
  </expiration>
  </coordinate>
  <value>0.225848819927075</value> 
  </point>
- <point>
- <coordinate>
- <expiration>
  <date>2036-06-10</date> 
  </expiration>
  </coordinate>
  <value>0.227263496280415</value> 
  </point>
- <point>
- <coordinate>
- <expiration>
  <date>2036-09-08</date> 
  </expiration>
  </coordinate>
  <value>0.228637101804104</value> 
  </point>
- <point>
- <coordinate>
- <expiration>
  <date>2036-12-08</date> 
  </expiration>
  </coordinate>
  <value>0.229995376305613</value> 
  </point>
- <point>
- <coordinate>
- <expiration>
  <date>2037-03-09</date> 
  </expiration>
  </coordinate>
  <value>0.231338479975263</value> 
  </point>
- <point>
- <coordinate>
- <expiration>
  <date>2037-06-09</date> 
  </expiration>
  </coordinate>
  <value>0.232643112823334</value> 
  </point>
- <point>
- <coordinate>
- <expiration>
  <date>2037-09-07</date> 
  </expiration>
  </coordinate>
  <value>0.233916322054121</value> 
  </point>
- <point>
- <coordinate>
- <expiration>
  <date>2037-12-07</date> 
  </expiration>
  </coordinate>
  <value>0.235163364066334</value> 
  </point>
- <point>
- <coordinate>
- <expiration>
  <date>2038-03-08</date> 
  </expiration>
  </coordinate>
  <value>0.236375939762703</value> 
  </point>
- <point>
- <coordinate>
- <expiration>
  <date>2038-06-07</date> 
  </expiration>
  </coordinate>
  <value>0.237559173329076</value> 
  </point>
- <point>
- <coordinate>
- <expiration>
  <date>2038-09-07</date> 
  </expiration>
  </coordinate>
  <value>0.238698639699525</value> 
  </point>
- <point>
- <coordinate>
- <expiration>
  <date>2038-12-07</date> 
  </expiration>
  </coordinate>
  <value>0.239782750351049</value> 
  </point>
- <point>
- <coordinate>
- <expiration>
  <date>2039-03-07</date> 
  </expiration>
  </coordinate>
  <value>0.240831636175851</value> 
  </point>
- <point>
- <coordinate>
- <expiration>
  <date>2039-06-07</date> 
  </expiration>
  </coordinate>
  <value>0.241838764097603</value> 
  </point>
- <point>
- <coordinate>
- <expiration>
  <date>2039-09-07</date> 
  </expiration>
  </coordinate>
  <value>0.242785673461772</value> 
  </point>
- <point>
- <coordinate>
- <expiration>
  <date>2039-12-07</date> 
  </expiration>
  </coordinate>
  <value>0.243673169757376</value> 
  </point>
- <point>
- <coordinate>
- <expiration>
  <date>2040-03-07</date> 
  </expiration>
  </coordinate>
  <value>0.244507642654647</value> 
  </point>
- <point>
- <coordinate>
- <expiration>
  <date>2040-06-07</date> 
  </expiration>
  </coordinate>
  <value>0.245281442699493</value> 
  </point>
  </dataPoints>
- <inputs>
- <instrumentSet>
- <underlyingAsset xsi:type="SimpleIRSwap" id="AUD-Caplet-1Y">
- <term>
  <periodMultiplier>1</periodMultiplier> 
  <period>Y</period> 
  </term>
  </underlyingAsset>
- <underlyingAsset xsi:type="SimpleIRSwap" id="AUD-Caplet-2Y">
- <term>
  <periodMultiplier>2</periodMultiplier> 
  <period>Y</period> 
  </term>
  </underlyingAsset>
- <underlyingAsset xsi:type="SimpleIRSwap" id="AUD-Caplet-3Y">
- <term>
  <periodMultiplier>3</periodMultiplier> 
  <period>Y</period> 
  </term>
  </underlyingAsset>
- <underlyingAsset xsi:type="SimpleIRSwap" id="AUD-Caplet-4Y">
- <term>
  <periodMultiplier>4</periodMultiplier> 
  <period>Y</period> 
  </term>
  </underlyingAsset>
- <underlyingAsset xsi:type="SimpleIRSwap" id="AUD-Caplet-5Y">
- <term>
  <periodMultiplier>5</periodMultiplier> 
  <period>Y</period> 
  </term>
  </underlyingAsset>
- <underlyingAsset xsi:type="SimpleIRSwap" id="AUD-Caplet-7Y">
- <term>
  <periodMultiplier>7</periodMultiplier> 
  <period>Y</period> 
  </term>
  </underlyingAsset>
- <underlyingAsset xsi:type="SimpleIRSwap" id="AUD-Caplet-10Y">
- <term>
  <periodMultiplier>10</periodMultiplier> 
  <period>Y</period> 
  </term>
  </underlyingAsset>
- <underlyingAsset xsi:type="SimpleIRSwap" id="AUD-Caplet-15Y">
- <term>
  <periodMultiplier>15</periodMultiplier> 
  <period>Y</period> 
  </term>
  </underlyingAsset>
- <underlyingAsset xsi:type="SimpleIRSwap" id="AUD-Caplet-20Y">
- <term>
  <periodMultiplier>20</periodMultiplier> 
  <period>Y</period> 
  </term>
  </underlyingAsset>
- <underlyingAsset xsi:type="SimpleIRSwap" id="AUD-Caplet-25Y">
- <term>
  <periodMultiplier>25</periodMultiplier> 
  <period>Y</period> 
  </term>
  </underlyingAsset>
- <underlyingAsset xsi:type="SimpleIRSwap" id="AUD-Caplet-30Y">
- <term>
  <periodMultiplier>30</periodMultiplier> 
  <period>Y</period> 
  </term>
  </underlyingAsset>
  </instrumentSet>
- <assetQuote definitionRef="1Y">
  <objectReference href="AUD-Caplet-1Y" /> 
- <quote>
  <value>0.0482432257833451</value> 
  <measureType>MarketQuote</measureType> 
  <quoteUnits>DecimalRate</quoteUnits> 
  </quote>
- <quote>
  <value>0.258917113332362</value> 
  <measureType>Volatility</measureType> 
  <quoteUnits>LogNormalVolatility</quoteUnits> 
  </quote>
  </assetQuote>
- <assetQuote definitionRef="2Y">
  <objectReference href="AUD-Caplet-2Y" /> 
- <quote>
  <value>0.0489047675330314</value> 
  <measureType>MarketQuote</measureType> 
  <quoteUnits>DecimalRate</quoteUnits> 
  </quote>
- <quote>
  <value>0.252181607167987</value> 
  <measureType>Volatility</measureType> 
  <quoteUnits>LogNormalVolatility</quoteUnits> 
  </quote>
  </assetQuote>
- <assetQuote definitionRef="3Y">
  <objectReference href="AUD-Caplet-3Y" /> 
- <quote>
  <value>0.0494999996496402</value> 
  <measureType>MarketQuote</measureType> 
  <quoteUnits>DecimalRate</quoteUnits> 
  </quote>
- <quote>
  <value>0.24595493086507</value> 
  <measureType>Volatility</measureType> 
  <quoteUnits>LogNormalVolatility</quoteUnits> 
  </quote>
  </assetQuote>
- <assetQuote definitionRef="4Y">
  <objectReference href="AUD-Caplet-4Y" /> 
- <quote>
  <value>0.0500767176395453</value> 
  <measureType>MarketQuote</measureType> 
  <quoteUnits>DecimalRate</quoteUnits> 
  </quote>
- <quote>
  <value>0.235228761775413</value> 
  <measureType>Volatility</measureType> 
  <quoteUnits>LogNormalVolatility</quoteUnits> 
  </quote>
  </assetQuote>
- <assetQuote definitionRef="5Y">
  <objectReference href="AUD-Caplet-5Y" /> 
- <quote>
  <value>0.050908055135771</value> 
  <measureType>MarketQuote</measureType> 
  <quoteUnits>DecimalRate</quoteUnits> 
  </quote>
- <quote>
  <value>0.22672862730331</value> 
  <measureType>Volatility</measureType> 
  <quoteUnits>LogNormalVolatility</quoteUnits> 
  </quote>
  </assetQuote>
- <assetQuote definitionRef="7Y">
  <objectReference href="AUD-Caplet-7Y" /> 
- <quote>
  <value>0.0519940295610645</value> 
  <measureType>MarketQuote</measureType> 
  <quoteUnits>DecimalRate</quoteUnits> 
  </quote>
- <quote>
  <value>0.209829051906196</value> 
  <measureType>Volatility</measureType> 
  <quoteUnits>LogNormalVolatility</quoteUnits> 
  </quote>
  </assetQuote>
- <assetQuote definitionRef="10Y">
  <objectReference href="AUD-Caplet-10Y" /> 
- <quote>
  <value>0.0527829861943455</value> 
  <measureType>MarketQuote</measureType> 
  <quoteUnits>DecimalRate</quoteUnits> 
  </quote>
- <quote>
  <value>0.197706060815361</value> 
  <measureType>Volatility</measureType> 
  <quoteUnits>LogNormalVolatility</quoteUnits> 
  </quote>
  </assetQuote>
- <assetQuote definitionRef="15Y">
  <objectReference href="AUD-Caplet-15Y" /> 
- <quote>
  <value>0.0536383983104803</value> 
  <measureType>MarketQuote</measureType> 
  <quoteUnits>DecimalRate</quoteUnits> 
  </quote>
- <quote>
  <value>0.182761996168826</value> 
  <measureType>Volatility</measureType> 
  <quoteUnits>LogNormalVolatility</quoteUnits> 
  </quote>
  </assetQuote>
- <assetQuote definitionRef="20Y">
  <objectReference href="AUD-Caplet-20Y" /> 
- <quote>
  <value>0.0532931908550533</value> 
  <measureType>MarketQuote</measureType> 
  <quoteUnits>DecimalRate</quoteUnits> 
  </quote>
- <quote>
  <value>0.183945839782503</value> 
  <measureType>Volatility</measureType> 
  <quoteUnits>LogNormalVolatility</quoteUnits> 
  </quote>
  </assetQuote>
- <assetQuote definitionRef="25Y">
  <objectReference href="AUD-Caplet-25Y" /> 
- <quote>
  <value>0.0520391302210335</value> 
  <measureType>MarketQuote</measureType> 
  <quoteUnits>DecimalRate</quoteUnits> 
  </quote>
- <quote>
  <value>0.188378643241806</value> 
  <measureType>Volatility</measureType> 
  <quoteUnits>LogNormalVolatility</quoteUnits> 
  </quote>
  </assetQuote>
- <assetQuote definitionRef="30Y">
  <objectReference href="AUD-Caplet-30Y" /> 
- <quote>
  <value>0.0506331706871363</value> 
  <measureType>MarketQuote</measureType> 
  <quoteUnits>DecimalRate</quoteUnits> 
  </quote>
- <quote>
  <value>0.193609458256038</value> 
  <measureType>Volatility</measureType> 
  <quoteUnits>LogNormalVolatility</quoteUnits> 
  </quote>
  </assetQuote>
  </inputs>
  </volatilityMatrixValuation>
  </market>